// Jest Snapshot v1, https://goo.gl/fbAQLP

exports[`Tag Component should match snapshot 1`] = `[Function]`;
