// Jest Snapshot v1, https://goo.gl/fbAQLP

exports[`ThemedText should match snapshot 1`] = `
<Text
  style={
    {
      "color": "lightColor",
      "fontSize": 16,
      "lineHeight": 24,
    }
  }
>
  Default Text
</Text>
`;
