// Jest Snapshot v1, https://goo.gl/fbAQLP

exports[`Spacer matches snapshot 1`] = `
<View
  style={
    {
      "height": 12,
    }
  }
/>
`;
